# serializer version: 1
# name: test_can_create_new_review
  '''
  ---
  slug: the-cellar-by-richard-laymon
  grade: A+
  date: 2016-03-10
  ---
  
  
  '''
# ---
# name: test_can_update_existing_review
  '''
  ---
  slug: the-cellar-by-richard-laymon
  grade: C+
  date: 2017-03-12
  ---
  
  Some review content we want to preserve between updates.
  '''
# ---
